// Jest Snapshot v1, https://goo.gl/fbAQLP

exports[`Button tests button works 1`] = `<button />`;

exports[`Button tests testing with color 1`] = `
.c0 {
  color: #fff !important;
  text-transform: uppercase;
  -webkit-text-decoration: none;
  text-decoration: none;
  background: #cc2344;
  padding: 10px;
  border-radius: 10px;
  display: inline-block;
  border: none;
  margin: 10px;
  box-sizing: border-box transition:all 0.4s ease 0s;
}

.c0:hover {
  background: #434343;
  -webkit-letter-spacing: 1px;
  -moz-letter-spacing: 1px;
  -ms-letter-spacing: 1px;
  letter-spacing: 1px;
  -webkit-box-shadow: 0px 5px 40px -10px rgba(0,0,0,0.57);
  -moz-box-shadow: 0px 5px 40px -10px rgba(0,0,0,0.57);
  box-shadow: 5px 40px -10px rgba(0,0,0,0.57);
  -webkit-transition: all 0.4s ease 0s;
  transition: all 0.4s ease 0s;
}

<button
  className="c0"
/>
`;

exports[`Button tests testing with color 2`] = `
.c0 {
  color: #fff !important;
  text-transform: uppercase;
  -webkit-text-decoration: none;
  text-decoration: none;
  background: #cc2344;
  padding: 10px;
  border-radius: 10px;
  display: inline-block;
  border: none;
  margin: 10px;
  box-sizing: border-box transition:all 0.4s ease 0s;
}

.c0:hover {
  background: #434343;
  -webkit-letter-spacing: 1px;
  -moz-letter-spacing: 1px;
  -ms-letter-spacing: 1px;
  letter-spacing: 1px;
  -webkit-box-shadow: 0px 5px 40px -10px rgba(0,0,0,0.57);
  -moz-box-shadow: 0px 5px 40px -10px rgba(0,0,0,0.57);
  box-shadow: 5px 40px -10px rgba(0,0,0,0.57);
  -webkit-transition: all 0.4s ease 0s;
  transition: all 0.4s ease 0s;
}

<button
  className="c0"
/>
`;

exports[`Button tests testing with color 3`] = `<button />`;
